------------------------------------------------------------
Timing Analyzer Summary
------------------------------------------------------------

Type  : Slow 1200mV 85C Model Setup 'clk'
Slack : -4.711
TNS   : -122.723

Type  : Slow 1200mV 85C Model Setup 'clock_divider:u_div|clk_out'
Slack : -3.562
TNS   : -146.980

Type  : Slow 1200mV 85C Model Hold 'clock_divider:u_div|clk_out'
Slack : 0.386
TNS   : 0.000

Type  : Slow 1200mV 85C Model Hold 'clk'
Slack : 0.657
TNS   : 0.000

Type  : Slow 1200mV 85C Model Minimum Pulse Width 'clk'
Slack : -3.000
TNS   : -50.545

Type  : Slow 1200mV 85C Model Minimum Pulse Width 'clock_divider:u_div|clk_out'
Slack : -1.285
TNS   : -78.385

Type  : Slow 1200mV 0C Model Setup 'clk'
Slack : -4.252
TNS   : -109.070

Type  : Slow 1200mV 0C Model Setup 'clock_divider:u_div|clk_out'
Slack : -3.123
TNS   : -128.670

Type  : Slow 1200mV 0C Model Hold 'clock_divider:u_div|clk_out'
Slack : 0.339
TNS   : 0.000

Type  : Slow 1200mV 0C Model Hold 'clk'
Slack : 0.600
TNS   : 0.000

Type  : Slow 1200mV 0C Model Minimum Pulse Width 'clk'
Slack : -3.000
TNS   : -50.545

Type  : Slow 1200mV 0C Model Minimum Pulse Width 'clock_divider:u_div|clk_out'
Slack : -1.285
TNS   : -78.385

Type  : Fast 1200mV 0C Model Setup 'clk'
Slack : -1.792
TNS   : -39.202

Type  : Fast 1200mV 0C Model Setup 'clock_divider:u_div|clk_out'
Slack : -1.228
TNS   : -42.619

Type  : Fast 1200mV 0C Model Hold 'clock_divider:u_div|clk_out'
Slack : 0.173
TNS   : 0.000

Type  : Fast 1200mV 0C Model Hold 'clk'
Slack : 0.300
TNS   : 0.000

Type  : Fast 1200mV 0C Model Minimum Pulse Width 'clk'
Slack : -3.000
TNS   : -42.323

Type  : Fast 1200mV 0C Model Minimum Pulse Width 'clock_divider:u_div|clk_out'
Slack : -1.000
TNS   : -61.000

------------------------------------------------------------
